// Jest Snapshot v1, https://goo.gl/fbAQLP

exports[`Should render ExenseList with expenses 1`] = `
<div>
  <ExpenseListItem
    amount={76500}
    createdAt={-345600000}
    description="Gas"
    id="1"
    key="1"
    note="For Cooking"
  />
  <ExpenseListItem
    amount={400000}
    createdAt={0}
    description="Rent"
    id="2"
    key="2"
    note="Final Payment"
  />
  <ExpenseListItem
    amount={2500}
    createdAt={345600000}
    description="Water"
    id="3"
    key="3"
    note=""
  />
</div>
`;

exports[`Should render ExenseList with out expenses and empty message 1`] = `
<div>
  <p>
    No expenses
  </p>
</div>
`;
