// Jest Snapshot v1, https://goo.gl/fbAQLP

exports[`Should render NotFoundPage correctly 1`] = `
<div>
  NotFound - 
  <Link
    to="/"
  >
    Go Home
  </Link>
</div>
`;
